-- Could NOT find WrapVulkanHeaders (missing: Vulkan_INCLUDE_DIR) 
-- Could NOT find WrapVulkanHeaders (missing: Vulkan_INCLUDE_DIR) 
-- OM9 audited PolyEdgeSegment Read reversed flag repair; original SDK source unchanged
-- OM9 audited CurveOnSurface child Read repair for opennurbsStatic; original SDK source unchanged
-- OM9 audited resource-free Rhino5 RDK3 writer; original SDK source unchanged
-- Configuring done (0.5s)
-- Generating done (0.1s)
-- Build files have been written to: H:/FreeCAD-src/build/om9-phase3-module
[0/2] Re-checking globbed directories...
[1/16] Building OpenMatrix9 Rust core
   Compiling openmatrix9_rust v0.1.0 (H:\FreeCAD-src\build\om9-phase3-dev\rust)
    Finished `release` profile [optimized] target(s) in 8.20s
[2/16] Running utility command for OpenMatrix9Scripts
[3/16] Building CXX object Gui\CMakeFiles\OpenMatrix9Gui.dir\EditSpecialTypes.cpp.obj
[4/16] Building CXX object Gui\CMakeFiles\OpenMatrix9Gui.dir\EditMesh.cpp.obj
[5/16] Building CXX object Gui\CMakeFiles\OpenMatrix9Gui.dir\EditCurveOptions.cpp.obj
[6/16] Building CXX object Gui\CMakeFiles\OpenMatrix9Gui.dir\SurfaceGeometry.cpp.obj
[7/16] Building CXX object Gui\CMakeFiles\OpenMatrix9Gui.dir\SurfaceConstraints.cpp.obj
H:\FreeCAD-src\.pixi\envs\default\Library\include\opencascade\TopTools_IndexedMapOfShape.hxx(28): warning: TopTools_IndexedMapOfShape.hxx is deprecated since OCCT 8.0.0. Use NCollection_IndexedMap<TopoDS_Shape, TopTools_ShapeMapHasher> directly.
H:\FreeCAD-src\.pixi\envs\default\Library\include\opencascade\TColgp_Array1OfPnt.hxx(27): warning: TColgp_Array1OfPnt.hxx is deprecated since OCCT 8.0.0. Use NCollection_Array1<gp_Pnt> directly.
[8/16] Building CXX object Gui\CMakeFiles\OpenMatrix9Gui.dir\EditGeometry.cpp.obj
H:\FreeCAD-src\.pixi\envs\default\Library\include\opencascade\TopTools_ListOfShape.hxx(27): warning: TopTools_ListOfShape.hxx is deprecated since OCCT 8.0.0. Use NCollection types directly.
[9/16] Building CXX object Gui\CMakeFiles\OpenMatrix9Gui.dir\Workbench.cpp.obj
[10/16] Building CXX object Gui\CMakeFiles\OpenMatrix9Gui.dir\Command.cpp.obj
[11/16] Building CXX object Gui\CMakeFiles\OpenMatrix9Gui.dir\Phase3Inputs.cpp.obj
H:\FreeCAD-src\.pixi\envs\default\Library\include\opencascade\TopTools_ListOfShape.hxx(27): warning: TopTools_ListOfShape.hxx is deprecated since OCCT 8.0.0. Use NCollection types directly.
[12/16] Building CXX object Gui\CMakeFiles\OpenMatrix9Gui.dir\CurveController.cpp.obj
[13/16] Building CXX object Gui\CMakeFiles\OpenMatrix9Gui.dir\EditController.cpp.obj
[14/16] Building CXX object Gui\CMakeFiles\OpenMatrix9Gui.dir\SurfaceController.cpp.obj
[15/16] Linking CXX shared library H:\FreeCAD-src\build\om9-phase3-sdk\bin\OpenMatrix9Gui.pyd
