   Compiling openmatrix9_rust v0.1.0 (H:\FreeCAD-src\build\om9-phase3-dev\rust)
    Finished `test` profile [unoptimized + debuginfo] target(s) in 4.64s
     Running unittests src\lib.rs (build\om9-phase3-dev\rust\target\debug\deps\openmatrix9_rust-908b2f3029ddc2ce.exe)

running 3 tests
test core_view_tabs::tests::visibility_is_idempotent_and_toggle_changes_it ... ok
test core_view_tabs::tests::alignment_preserves_visibility_and_rejects_invalid_options_atomically ... ok
test phase2_snap::performance_tests::query_retains_the_same_immutable_candidate_allocation ... ok

test result: ok. 3 passed; 0 failed; 0 ignored; 0 measured; 0 filtered out; finished in 0.00s

     Running tests\command_completion.rs (build\om9-phase3-dev\rust\target\debug\deps\command_completion-8d117b7b543253f0.exe)

running 1 test
test original_names_and_match_order ... ok

test result: ok. 1 passed; 0 failed; 0 ignored; 0 measured; 0 filtered out; finished in 0.00s

     Running tests\core_3dm.rs (build\om9-phase3-dev\rust\target\debug\deps\core_3dm-6a85e4d906b30af7.exe)

running 3 tests
test units_never_guess_or_accept_invalid_scale ... ok
test clipboard_commands_share_catalog_dispatch ... ok
test import_export_share_catalog_policy_and_completion ... ok

test result: ok. 3 passed; 0 failed; 0 ignored; 0 measured; 0 filtered out; finished in 0.00s

     Running tests\core_3dm_archive.rs (build\om9-phase3-dev\rust\target\debug\deps\core_3dm_archive-fb21669fb37f18e5.exe)

running 9 tests
test closure_ffi_checks_capacity_and_preserves_output_on_failure ... ok
test closure_rejects_malformed_cycles_and_limits ... ok
test member_copy_budget_bounds_total_and_arithmetic ... ok
test identities_are_scoped_and_canonical ... ok
test modes_and_capabilities_reject_unknown_values ... ok
test native_geometry_transform_policy_requires_known_non_instance_payload ... ok
test overlay_policy_rejects_unsupported_edits_and_unknown_references ... ok
test closure_selects_only_reachable_unique_records ... ok
test closure_handles_long_component_chains_without_recursion ... ok

test result: ok. 9 passed; 0 failed; 0 ignored; 0 measured; 0 filtered out; finished in 0.01s

     Running tests\core_angle.rs (build\om9-phase3-dev\rust\target\debug\deps\core_angle-ee3c4686244efc83.exe)

running 4 tests
test om9_measure_001_four_points_allow_distinct_line_origins ... ok
test om9_measure_001_native_bridge_uses_four_xyz_points ... ok
test om9_measure_001_invalid_and_degenerate_lines_are_rejected ... ok
test om9_measure_001_parallel_opposite_and_scale_invariance ... ok

test result: ok. 4 passed; 0 failed; 0 ignored; 0 measured; 0 filtered out; finished in 0.00s

     Running tests\core_distance.rs (build\om9-phase3-dev\rust\target\debug\deps\core_distance-5bdbaf3ab45c5f40.exe)

running 4 tests
test om9_measure_002_bridge_rejects_invalid_unit_and_coordinates ... ok
test om9_measure_002_units_convert_result_without_changing_points ... ok
test om9_measure_002_reports_spatial_distance_and_coincident_points ... ok
test om9_measure_002_rejects_nonfinite_or_unsupported_coordinates ... ok

test result: ok. 4 passed; 0 failed; 0 ignored; 0 measured; 0 filtered out; finished in 0.00s

     Running tests\core_keyboard.rs (build\om9-phase3-dev\rust\target\debug\deps\core_keyboard-29673a43be3142d8.exe)

running 3 tests
test mouse_ortho_uses_cplane_axes_and_leaves_typed_points_exact ... ok
test original_shortcuts_are_unique_and_keep_matrix_targets ... ok
test shift_temporarily_inverts_ortho_without_changing_saved_mode ... ok

test result: ok. 3 passed; 0 failed; 0 ignored; 0 measured; 0 filtered out; finished in 0.00s

     Running tests\core_mouse.rs (build\om9-phase3-dev\rust\target\debug\deps\core_mouse-86ca8c87a9cab957.exe)

running 2 tests
test a_click_never_becomes_navigation_and_window_requires_full_containment ... ok
test rhino_navigation_and_matrix_override_keep_selection_clicks ... ok

test result: ok. 2 passed; 0 failed; 0 ignored; 0 measured; 0 filtered out; finished in 0.00s

     Running tests\core_notes.rs (build\om9-phase3-dev\rust\target\debug\deps\core_notes-7412e11367c63702.exe)

running 2 tests
test om9_file_008_and_info_006_preserve_unicode_and_multiline_text ... ok
test invalid_notes_are_rejected_before_commit ... ok

test result: ok. 2 passed; 0 failed; 0 ignored; 0 measured; 0 filtered out; finished in 0.00s

     Running tests\core_picture_frame.rs (build\om9-phase3-dev\rust\target\debug\deps\core_picture_frame-c4844b528d51380b.exe)

running 5 tests
test om9_view_001_cmd_width_is_positive_and_aspect_is_validated ... ok
test om9_view_001_two_points_preserve_source_aspect_and_corner ... ok
test om9_view_001_shift_and_vertical_use_construction_plane_axes ... ok
test om9_view_001_ffi_is_atomic_and_agrees_with_native_array_layout ... ok
test om9_view_001_validates_every_corner_not_only_diagonal ... ok

test result: ok. 5 passed; 0 failed; 0 ignored; 0 measured; 0 filtered out; finished in 0.00s

     Running tests\core_snaps.rs (build\om9-phase3-dev\rust\target\debug\deps\core_snaps-3dbbe6a379106d37.exe)

running 6 tests
test om9_snap_002_master_preserves_mode_and_state_roundtrips ... ok
test om9_snap_002_native_state_and_packed_candidates ... ok
test om9_snap_002_rejects_invalid_projection_world_and_aperture ... ok
test om9_snap_002_selects_nearest_projected_candidate_within_aperture ... ok
test om9_snap_003_mid_mode_is_independent_and_preserved_by_master ... ok
test om9_snap_007_point_mode_preserves_other_choices ... ok

test result: ok. 6 passed; 0 failed; 0 ignored; 0 measured; 0 filtered out; finished in 0.00s

     Running tests\core_view_controls.rs (build\om9-phase3-dev\rust\target\debug\deps\core_view_controls-ba54e0dc9a843df4.exe)

running 5 tests
test invalid_drag_does_not_corrupt_session ... ok
test dynamic_zoom_preserves_projection_scale_and_bounds ... ok
test om9_view_003_perspective_focal_plane_scale_is_finite ... ok
test om9_view_008_window_accepts_reverse_drag_and_rejects_tiny_pick ... ok
test om9_view_004_incremental_dynamic_drag_and_cancel ... ok

test result: ok. 5 passed; 0 failed; 0 ignored; 0 measured; 0 filtered out; finished in 0.00s

     Running tests\core_views.rs (build\om9-phase3-dev\rust\target\debug\deps\core_views-c18104f4603b0f91.exe)

running 5 tests
test matrix_grid_subdivides_major_cells_and_keeps_axes_separate ... ok
test om9_view_003_preserves_original_command_name ... ok
test om9_view_006_007_preserve_original_zoom_commands ... ok
test om9_view_005_preserves_original_capture_command ... ok
test om9_viewport_001_four_named_views_have_normalized_frames ... ok

test result: ok. 5 passed; 0 failed; 0 ignored; 0 measured; 0 filtered out; finished in 0.00s

     Running tests\curve_session.rs (build\om9-phase3-dev\rust\target\debug\deps\curve_session-f1c6ccd541ef2603.exe)

running 14 tests
test cancel_has_no_output_and_restart_clears_options ... ok
test om9_curve_001_preview_keeps_clicks_and_applies_constraints_without_commit ... ok
test invalid_input_keeps_session_and_no_partial_commit ... ok
test matrix_prompt_options_and_initial_letter_inputs ... ok
test mouse_points_and_typed_coordinates_share_geometry ... ok
test om9_curve_001_polyline_enter_and_close ... ok
test om9_curve_002_line_commits_two_distinct_points ... ok
test relative_points_and_units_are_explicitly_parsed ... ok
test polyline_length_option_prompts_for_value_then_direction ... ok
test mouse_cannot_append_a_point_while_length_value_is_pending ... ok
test om9_curve_002_both_sides_uses_first_point_as_midpoint ... ok
test om9_viewport_001_typed_coordinates_use_active_plane ... ok
test polyline_short_enter_and_close_do_not_finish ... ok
test unavailable_initial_letter_does_not_mutate_polyline ... ok

test result: ok. 14 passed; 0 failed; 0 ignored; 0 measured; 0 filtered out; finished in 0.00s

     Running tests\edit_commands.rs (build\om9-phase3-dev\rust\target\debug\deps\edit_commands-740e08b1cb660616.exe)

running 1 test
test edit_commands_require_document_write_permission ... ok

test result: ok. 1 passed; 0 failed; 0 ignored; 0 measured; 0 filtered out; finished in 0.00s

     Running tests\edit_session.rs (build\om9-phase3-dev\rust\target\debug\deps\edit_session-36be071ad7c9d9bf.exe)

running 6 tests
test om9_solid_001_two_sets_and_duplicates ... ok
test om9_top11_008_explicit_finite_tolerance ... ok
test om9_top11_005_single_explode_input ... ok
test om9_solid_004_exactly_two_and_five_modes ... ok
test om9_top11_selection_undo ... ok
test om9_top11_010_options_are_kind_gated_and_reset ... ok

test result: ok. 6 passed; 0 failed; 0 ignored; 0 measured; 0 filtered out; finished in 0.00s

     Running tests\ffi.rs (build\om9-phase3-dev\rust\target\debug\deps\ffi-4b8048f6d6124ee8.exe)

running 4 tests
test catalog_indices_strings_and_lifetimes_are_valid ... ok
test command_history_requires_the_observed_effect_of_that_command ... ok
test state_bounds_failure_history_and_reset ... ok
test workspace_commands_are_supported_without_enabling_subd_selection ... ok

test result: ok. 4 passed; 0 failed; 0 ignored; 0 measured; 0 filtered out; finished in 0.00s

     Running tests\menu_state.rs (build\om9-phase3-dev\rust\target\debug\deps\menu_state-6687b05001cb5789.exe)

running 5 tests
test section_visibility_and_collapse_are_independent_and_resettable ... ok
test history_is_successful_only_latest_first_and_bounded ... ok
test bom_crlf_and_unicode_titles_are_preserved ... ok
test reference_catalog_has_18_groups_and_11_quick_icons ... ok
test malformed_catalog_has_section_and_key_diagnostics ... ok

test result: ok. 5 passed; 0 failed; 0 ignored; 0 measured; 0 filtered out; finished in 0.01s

     Running tests\modeling_exchange_policy.rs (build\om9-phase3-dev\rust\target\debug\deps\modeling_exchange_policy-649b015d98ad0370.exe)

running 4 tests
test display_mesh_is_not_a_reason_to_scan_cad_or_cloud_vertices ... ok
test geometry_only_scope_does_not_require_history_or_render ... ok
test sixty_percent_uses_available_threads_without_four_thread_cap ... ok
test unknown_geometry_cannot_be_silently_omitted ... ok

test result: ok. 4 passed; 0 failed; 0 ignored; 0 measured; 0 filtered out; finished in 0.00s

     Running tests\modeling_snap_policy.rs (build\om9-phase3-dev\rust\target\debug\deps\modeling_snap_policy-f57e6356e64dc89f.exe)

running 3 tests
test cad_with_render_mesh_remains_cad ... ok
test curve_cv_edit_capability_is_scoped_to_native_curve_kind ... ok
test mesh_and_cloud_default_snap_reads_zero_points_policy ... ok

test result: ok. 3 passed; 0 failed; 0 ignored; 0 measured; 0 filtered out; finished in 0.00s

     Running tests\phase2_curve_core.rs (build\om9-phase3-dev\rust\target\debug\deps\phase2_curve_core-7b7c2434186756fa.exe)

running 6 tests
test draft_is_atomic_and_stale_cancelled_requests_fail ... ok
test complete_nonbranching_traversal_is_required ... ok
test rational_owned_basis_preserves_exact_fields ... ok
test rebuild_options_dependencies_and_all_witnesses_are_rust_owned ... ok
test invalid_numeric_basis_is_rejected ... ok
test exact_budget_and_periodic_relation_are_checked ... ok

test result: ok. 6 passed; 0 failed; 0 ignored; 0 measured; 0 filtered out; finished in 0.00s

     Running tests\phase2_ffi_contract.rs (build\om9-phase3-dev\rust\target\debug\deps\phase2_ffi_contract-e50b590b93b8ba2e.exe)

running 4 tests
test malformed_ffi_rejects_before_dereferencing_invalid_buffers ... ok
test owned_draft_copy_reports_capacity_and_never_writes_short_buffers ... ok
test ffi_session_copies_buffers_and_dropped_handles_are_not_reused ... ok
test raw_degree_multiplicity_and_xyz_shapes_are_not_truncated ... ok

test result: ok. 4 passed; 0 failed; 0 ignored; 0 measured; 0 filtered out; finished in 0.00s

     Running tests\phase2_rebuild_core.rs (build\om9-phase3-dev\rust\target\debug\deps\phase2_rebuild_core-ed46bbc839233c44.exe)

running 4 tests
test dependent_preview_and_delete_no_preserve_sources ... ok
test ffi_returns_owned_options_and_rejects_invalid_flag_and_input_count ... ok
test join_unique_native_tokens_are_required_before_topology_read ... ok
test sixteen_distinct_sources_and_maximum_options_preserve_owned_request ... ok

test result: ok. 4 passed; 0 failed; 0 ignored; 0 measured; 0 filtered out; finished in 0.00s

     Running tests\phase2_snap_core.rs (build\om9-phase3-dev\rust\target\debug\deps\phase2_snap_core-969561e1155ce9fd.exe)

running 9 tests
test aborted_rebuild_never_publishes_partial_clean_index ... ok
test missing_requested_mode_cannot_certify_a_partial_query ... ok
test cache_key_contains_mode_residual_budget_and_generation ... ok
test nearest_ties_depth_radius_and_native_failure_are_checked ... ok
test failed_row_poisoning_prevents_accidental_finish ... ok
test stale_query_and_invalid_numeric_inputs_never_publish_cache ... ok
test object_and_candidate_caps_precede_candidate_acceptance ... ok
test candidate_cap_clears_object_lookup_and_rebuild_has_no_stale_hits ... ok
test tiles_filter_ten_thousand_remote_objects ... ok

test result: ok. 9 passed; 0 failed; 0 ignored; 0 measured; 0 filtered out; finished in 0.07s

     Running tests\phase2_snap_ffi.rs (build\om9-phase3-dev\rust\target\debug\deps\phase2_snap_ffi-6eaf9dedca3e39a0.exe)

running 2 tests
test snap_ffi_copies_rows_and_bounds_caller_output_and_drops_children ... ok
test partial_build_and_malformed_ffi_never_certify_a_point ... ok

test result: ok. 2 passed; 0 failed; 0 ignored; 0 measured; 0 filtered out; finished in 0.00s

     Running tests\phase3_ffi.rs (build\om9-phase3-dev\rust\target\debug\deps\phase3_ffi-2f0dfa2d51797685.exe)

running 4 tests
test abi_bounds_utf8_and_invalid_identity_do_not_allocate_a_request ... ok
test abi_rejects_invalid_flags_null_arrays_and_open_shell ... ok
test native_reason_text_is_owned_and_bounded ... ok
test abi_registry_owns_snapshots_and_cancel_releases_handle ... ok

test result: ok. 4 passed; 0 failed; 0 ignored; 0 measured; 0 filtered out; finished in 0.00s

     Running tests\phase3_modeling.rs (build\om9-phase3-dev\rust\target\debug\deps\phase3_modeling-8b889dca49ba9dad.exe)

running 11 tests
test closed_solid_boolean_and_open_shell_rejection ... ok
test cancelled_request_never_becomes_committable_again ... ok
test invalid_or_preservation_protected_inputs_fail_before_kernel ... ok
test numeric_surface_options_have_rust_policy ... ok
test request_owns_snapshots_and_rejects_changed_placement_shape_or_identity ... ok
test surface_input_order_cardinality_and_heavy_types ... ok
test empty_kernel_output_is_never_committable ... ok
test curve_and_face_join_have_separate_type_policies ... ok
test join_routes_by_native_kind_in_rust_without_geometry_arrays ... ok
test trim_faces_explode_components_and_numeric_validation ... ok
test requests_reject_duplicate_empty_or_oversized_identity ... ok

test result: ok. 11 passed; 0 failed; 0 ignored; 0 measured; 0 filtered out; finished in 0.00s

     Running tests\spline_geometry.rs (build\om9-phase3-dev\rust\target\debug\deps\spline_geometry-0d6cd0733ae1a23d.exe)

running 5 tests
test invalid_geometry_and_options_are_rejected_before_fitting ... ok
test om9_curve_003_smooth_close_interpolates_and_matches_seam_tangents ... ok
test om9_curve_003_interpolates_irregular_3d_points_in_all_parameterizations ... ok
test om9_curve_009_periodic_rebuild_preserves_a_circle_and_exact_pole_count ... ok
test om9_curve_009_has_exact_requested_structure_and_preserves_line_endpoints ... ok

test result: ok. 5 passed; 0 failed; 0 ignored; 0 measured; 0 filtered out; finished in 0.01s

     Running tests\surface_commands.rs (build\om9-phase3-dev\rust\target\debug\deps\surface_commands-f8a052fc557735c7.exe)

running 1 test
test surface_commands_have_document_permissions_and_useful_captions ... ok

test result: ok. 1 passed; 0 failed; 0 ignored; 0 measured; 0 filtered out; finished in 0.00s

     Running tests\surface_refit.rs (build\om9-phase3-dev\rust\target\debug\deps\surface_refit-213d486948308672.exe)

running 4 tests
test tolerance_and_sample_inputs_are_bounded ... ok
test smooth_closed_samples_produce_a_periodic_candidate ... ok
test tighter_tolerance_adapts_the_fit_and_preserves_open_endpoints ... ok
test ffi_rejects_unattainable_tolerance_and_clears_the_published_candidate ... ok

test result: ok. 4 passed; 0 failed; 0 ignored; 0 measured; 0 filtered out; finished in 0.94s

     Running tests\surface_session.rs (build\om9-phase3-dev\rust\target\debug\deps\surface_session-6aed6f95b529e9dc.exe)

running 11 tests
test om9_surface_001_rails_precede_profiles_and_cancel_discards_state ... ok
test om9_surface_001_003_chain_is_one_rail_and_undo_does_not_remove_other_inputs ... ok
test om9_surface_003_avoids_unsupported_occt_border_contact_with_multiple_sections ... ok
test om9_surface_003_height_and_width_are_independent_when_requested ... ok
test om9_surface_003_requires_two_distinct_rails_and_matching_profiles ... ok
test slash_mapping_drives_correspondence_and_rejects_crossings ... ok
test om9_surface_009_needs_two_sections_and_preserves_selection_order ... ok
test om9_surface_additional_loft_styles_and_closed_sweeps_have_explicit_policies ... ok
test om9_surface_003_transport_scales_a_section_to_the_two_rails ... ok
test surface_command_identity_and_options_are_explicit ... ok
test uniform_loft_net_interpolates_constant_rows_and_uniform_knots ... ok

test result: ok. 11 passed; 0 failed; 0 ignored; 0 measured; 0 filtered out; finished in 0.00s

     Running tests\viewport_title.rs (build\om9-phase3-dev\rust\target\debug\deps\viewport_title-12eb07d51c3d0ff4.exe)

running 2 tests
test original_display_names_require_a_real_adapter ... ok
test viewport_label_toggles_only_the_selected_slot ... ok

test result: ok. 2 passed; 0 failed; 0 ignored; 0 measured; 0 filtered out; finished in 0.00s

   Doc-tests openmatrix9_rust

running 0 tests

test result: ok. 0 passed; 0 failed; 0 ignored; 0 measured; 0 filtered out; finished in 0.00s

